// Vitest Snapshot v1, https://vitest.dev/guide/snapshot.html

exports[`Copyright > should match the snapshot 1`] = `
<div
  class="bg-primary w-full border-t border-gray-200 mt-10 py-6"
>
  <div
    class="max-w-[1440px] mx-auto px-3 flex flex-col items-center gap-3 sm:gap-6 lg:px-4"
  >
    <a
      class="flex items-center gap-2 text-[14px] hover:text-pink transition-all duration-300 ease-in-out"
      href="https://rs.school/"
      target="_blank"
    >
      <img
        alt="RS School Logo"
        class="w-5 h-5"
        src="data:image/svg+xml,%3csvg%20viewBox='0%200%2064%2064'%20fill='none'%20xmlns='http://www.w3.org/2000/svg'%3e%3cg%20clip-path='url(%23clip0_5701_38384)'%3e%3ccircle%20cx='32'%20cy='32'%20r='32'%20fill='black'/%3e%3cpath%20fill-rule='evenodd'%20clip-rule='evenodd'%20d='M13%2021.5095V42.5L19.3067%2042.4621V33.9474C20.0567%2033.9474%2020.7616%2033.9775%2021.4049%2034.4267C21.8946%2034.8785%2022.2838%2035.4335%2022.546%2036.054L25.9202%2042.4621H33C31.5957%2039.6675%2030.4706%2036.1327%2028.0552%2034.0104C27.5455%2033.6749%2026.9919%2033.4158%2026.411%2033.241C27.1873%2033.0779%2027.9357%2032.7973%2028.6319%2032.4084C30.3855%2031.3375%2031.3915%2029.3808%2031.3436%2027.3374C31.3798%2026.1328%2031.0495%2024.9466%2030.3988%2023.9441C28.9256%2021.6883%2025.9337%2021.4213%2023.4663%2021.5095H13ZM21.9939%2030.0116H19.3313V25.6975H22.1043C23.4807%2025.5594%2025.1814%2026.1754%2025.0859%2027.8041C25.1499%2029.5621%2023.3647%2029.9127%2021.9939%2030.0116Z'%20fill='%23FFB749'/%3e%3cpath%20d='M39.4768%2035.089L33%2035.4666C33.1262%2037.3671%2034.0021%2039.16%2035.4636%2040.5088C36.9117%2041.8323%2039.5076%2042.4941%2043.2515%2042.4941C46.3564%2042.5823%2049.9058%2041.8146%2051.821%2039.1569C52.5929%2038.0934%2053.0033%2036.8427%2052.9998%2035.564C53.0217%2033.1848%2051.4339%2031.2297%2049.3044%2030.3147C47.2632%2029.4766%2045.1198%2028.8674%2042.9204%2028.5C42.1107%2028.41%2041.3327%2028.1563%2040.6423%2027.757C39.9039%2027.2597%2040.078%2026.2272%2040.735%2025.7596C42.6084%2024.5207%2045.6299%2025.5545%2045.8608%2027.9032L52.2845%2027.5621C52.1703%2025.768%2051.1844%2024.0545%2049.6356%2022.9583C47.6987%2021.8887%2045.4532%2021.3874%2043.1986%2021.5212C41.3493%2021.4527%2039.5037%2021.7218%2037.7682%2022.3128C35.6082%2023.1125%2033.829%2025.064%2033.8344%2027.4525C33.7931%2028.9377%2034.5158%2030.4088%2035.755%2031.3621C37.6454%2032.6238%2039.8325%2033.4582%2042.139%2033.798C43.3833%2033.9637%2044.5727%2034.3795%2045.6224%2035.0159C46.5878%2035.7309%2046.5807%2037.167%2045.5959%2037.8903C44.5078%2038.6532%2042.9034%2038.7416%2041.6818%2038.2468C40.3717%2037.716%2039.6048%2036.4784%2039.4768%2035.089Z'%20fill='%23FFB749'/%3e%3c/g%3e%3cdefs%3e%3cclipPath%20id='clip0_5701_38384'%3e%3crect%20width='64'%20height='64'%20fill='white'/%3e%3c/clipPath%3e%3c/defs%3e%3c/svg%3e"
      />
      <p>
        JS/FE 2024Q4 | RS School
      </p>
    </a>
  </div>
</div>
`;

exports[`Snapshot test of copyright section in footer > should match the copyright section snapshot 1`] = `
<div
  class="bg-primary w-full border-t border-gray-200 mt-10 py-6"
>
  <div
    class="max-w-[1440px] mx-auto px-3 flex flex-col items-center gap-3 sm:gap-6 lg:px-4"
  >
    <a
      class="flex items-center gap-2 text-[14px] hover:text-pink transition-all duration-300 ease-in-out"
      href="https://rs.school/"
      target="_blank"
    >
      <img
        alt="RS School Logo"
        class="w-5 h-5"
        src="data:image/svg+xml,%3csvg%20viewBox='0%200%2064%2064'%20fill='none'%20xmlns='http://www.w3.org/2000/svg'%3e%3cg%20clip-path='url(%23clip0_5701_38384)'%3e%3ccircle%20cx='32'%20cy='32'%20r='32'%20fill='black'/%3e%3cpath%20fill-rule='evenodd'%20clip-rule='evenodd'%20d='M13%2021.5095V42.5L19.3067%2042.4621V33.9474C20.0567%2033.9474%2020.7616%2033.9775%2021.4049%2034.4267C21.8946%2034.8785%2022.2838%2035.4335%2022.546%2036.054L25.9202%2042.4621H33C31.5957%2039.6675%2030.4706%2036.1327%2028.0552%2034.0104C27.5455%2033.6749%2026.9919%2033.4158%2026.411%2033.241C27.1873%2033.0779%2027.9357%2032.7973%2028.6319%2032.4084C30.3855%2031.3375%2031.3915%2029.3808%2031.3436%2027.3374C31.3798%2026.1328%2031.0495%2024.9466%2030.3988%2023.9441C28.9256%2021.6883%2025.9337%2021.4213%2023.4663%2021.5095H13ZM21.9939%2030.0116H19.3313V25.6975H22.1043C23.4807%2025.5594%2025.1814%2026.1754%2025.0859%2027.8041C25.1499%2029.5621%2023.3647%2029.9127%2021.9939%2030.0116Z'%20fill='%23FFB749'/%3e%3cpath%20d='M39.4768%2035.089L33%2035.4666C33.1262%2037.3671%2034.0021%2039.16%2035.4636%2040.5088C36.9117%2041.8323%2039.5076%2042.4941%2043.2515%2042.4941C46.3564%2042.5823%2049.9058%2041.8146%2051.821%2039.1569C52.5929%2038.0934%2053.0033%2036.8427%2052.9998%2035.564C53.0217%2033.1848%2051.4339%2031.2297%2049.3044%2030.3147C47.2632%2029.4766%2045.1198%2028.8674%2042.9204%2028.5C42.1107%2028.41%2041.3327%2028.1563%2040.6423%2027.757C39.9039%2027.2597%2040.078%2026.2272%2040.735%2025.7596C42.6084%2024.5207%2045.6299%2025.5545%2045.8608%2027.9032L52.2845%2027.5621C52.1703%2025.768%2051.1844%2024.0545%2049.6356%2022.9583C47.6987%2021.8887%2045.4532%2021.3874%2043.1986%2021.5212C41.3493%2021.4527%2039.5037%2021.7218%2037.7682%2022.3128C35.6082%2023.1125%2033.829%2025.064%2033.8344%2027.4525C33.7931%2028.9377%2034.5158%2030.4088%2035.755%2031.3621C37.6454%2032.6238%2039.8325%2033.4582%2042.139%2033.798C43.3833%2033.9637%2044.5727%2034.3795%2045.6224%2035.0159C46.5878%2035.7309%2046.5807%2037.167%2045.5959%2037.8903C44.5078%2038.6532%2042.9034%2038.7416%2041.6818%2038.2468C40.3717%2037.716%2039.6048%2036.4784%2039.4768%2035.089Z'%20fill='%23FFB749'/%3e%3c/g%3e%3cdefs%3e%3cclipPath%20id='clip0_5701_38384'%3e%3crect%20width='64'%20height='64'%20fill='white'/%3e%3c/clipPath%3e%3c/defs%3e%3c/svg%3e"
      />
      <p>
        JS/FE 2024Q4 | RS School
      </p>
    </a>
  </div>
</div>
`;
