// Vitest Snapshot v1, https://vitest.dev/guide/snapshot.html

exports[`Footer menu > should match the snapshot 1`] = `
<div
  class="flex flex-col items-center lg:items-start gap-6 w-full col-span-1"
>
  <h3
    class="text-xl font-bold text-center md:text-left"
  >
    Полезная информация
  </h3>
  <ul
    class="flex flex-col items-center lg:items-start gap-3 w-full"
  >
    <li
      class="cursor-pointer text-[14px] text-center md:text-left hover:text-pink transition-all duration-300 ease-in-out"
    >
      О компании
    </li>
    <li
      class="cursor-pointer text-[14px] text-center md:text-left hover:text-pink transition-all duration-300 ease-in-out"
    >
      Доставка и оплата
    </li>
    <li
      class="cursor-pointer text-[14px] text-center md:text-left hover:text-pink transition-all duration-300 ease-in-out"
    >
      Условия Конфиденциальности
    </li>
    <li
      class="cursor-pointer text-[14px] text-center md:text-left hover:text-pink transition-all duration-300 ease-in-out"
    >
      Возврат заказа
    </li>
    <li
      class="cursor-pointer text-[14px] text-center md:text-left hover:text-pink transition-all duration-300 ease-in-out"
    >
      Наши контакты
    </li>
  </ul>
</div>
`;
